
> vite_react_shadcn_ts@0.0.0 build
> vite build

[36mvite v5.4.19 [32mbuilding for production...[36m[39m
transforming...
node.exe : 
No linha:1 caractere:1
+ & "C:\Program 
Files\nodejs/node.exe" 
"C:\Program Files\nodejs/node_mo 
...
+ ~~~~~~~~~~~~~~~~~~~~~~~~~~~~~~~
~~~~~~~~~~~~~~~~~~~~~~~~~~~~~~~~~
~~~~~
    + CategoryInfo          : 
Not    Specified: (:String) [], 
Remo    teException
    + FullyQualifiedErrorId : 
Nat    iveCommandError
 
A PostCSS plugin did not pass 
the `from` option to 
`postcss.parse`. This may cause 
imported assets to be 
incorrectly transformed. If 
you've recently added a PostCSS 
plugin that raised this warning, 
please contact the package 
author to fix the issue.
[32mÔ£ô[39m 10 modules transformed.
[31mx[39m Build failed in 2.72s
[31merror during build:
[31m[vite:load-fallback] Could 
not load C:\Users\marci\grc\grc-c
ontroller\src/components/vulnerab
ilities/VulnerabilityFieldsCustom
ization (imported by 
src/App.tsx): ENOENT: no such 
file or directory, open 'C:\Users
\marci\grc\grc-controller\src\com
ponents\vulnerabilities\Vulnerabi
lityFieldsCustomization'[31m
    at async open (node:internal/
fs/promises:637:25)
    at async Object.readFile (nod
e:internal/fs/promises:1269:14)
    at async Object.load (file://
/C:/Users/marci/grc/grc-controlle
r/node_modules/vite/dist/node/chu
nks/dep-C6uTJdX2.js:65341:25)
    at async PluginDriver.hookFir
stAndGetPlugin (file:///C:/Users/
marci/grc/grc-controller/node_mod
ules/rollup/dist/es/shared/node-e
ntry.js:22233:28)
    at async file:///C:/Users/mar
ci/grc/grc-controller/node_module
s/rollup/dist/es/shared/node-entr
y.js:21237:33
    at async Queue.work (file:///
C:/Users/marci/grc/grc-controller
/node_modules/rollup/dist/es/shar
ed/node-entry.js:22461:32)[39m
